ARM Linker, 5.03 [Build 76] [MDK-ARM Lite]

==============================================================================

Section Cross References

    startup.o(STACK) refers (Special) to heapauxi.o(.text) for __use_two_region_memory
    startup.o(HEAP) refers (Special) to heapauxi.o(.text) for __use_two_region_memory
    startup.o(RESET) refers (Special) to heapauxi.o(.text) for __use_two_region_memory
    startup.o(RESET) refers to portasm.o(PORT_ASM) for vPortYieldProcessor
    startup.o(RESET) refers to startup.o(STACK) for Stack_Top
    startup.o(RESET) refers to __main.o(!!!main) for __main
    startup.o(.text) refers (Special) to heapauxi.o(.text) for __use_two_region_memory
    startup.o(.text) refers to startup.o(HEAP) for Heap_Mem
    startup.o(.text) refers to startup.o(STACK) for Stack_Mem
    main.o(.text) refers to _scanf_int.o(.text) for _scanf_int
    main.o(.text) refers to _printf_percent.o(.ARM.Collect$$_printf_percent$$00000000) for _printf_percent
    main.o(.text) refers to _printf_d.o(.ARM.Collect$$_printf_percent$$00000009) for _printf_d
    main.o(.text) refers to _printf_dec.o(.text) for _printf_int_dec
    main.o(.text) refers to queue.o(.text) for xQueueGenericReceive
    main.o(.text) refers to __0sscanf.o(.text) for __0sscanf
    main.o(.text) refers to heap_2.o(.text) for vPortFree
    main.o(.text) refers to tasks.o(.text) for vTaskDelay
    main.o(.text) refers to aeabi_sdiv.o(.text_udiv) for __aeabi_uidivmod
    main.o(.text) refers to noretval__2sprintf.o(.text) for __2sprintf
    main.o(.text) refers to main.o(.data) for analogGpioQueue
    heap_2.o(.text) refers to tasks.o(.text) for vTaskSuspendAll
    heap_2.o(.text) refers to heap_2.o(.bss) for ucHeap
    heap_2.o(.text) refers to heap_2.o(.data) for xStart
    tasks.o(.text) refers to list.o(.text) for vListInitialise
    tasks.o(.text) refers to port.o(.text) for vPortEnterCritical
    tasks.o(.text) refers to portasm.o(PORT_ASM) for vPortYield
    tasks.o(.text) refers to aeabi_memset.o(.text) for __aeabi_memset
    tasks.o(.text) refers to heap_2.o(.text) for pvPortMalloc
    tasks.o(.text) refers to tasks.o(.bss) for pxReadyTasksLists
    tasks.o(.text) refers to tasks.o(.data) for pxDelayedTaskList
    queue.o(.text) refers to port.o(.text) for vPortEnterCritical
    queue.o(.text) refers to tasks.o(.text) for xTaskRemoveFromEventList
    queue.o(.text) refers to portasm.o(PORT_ASM) for vPortYield
    queue.o(.text) refers to list.o(.text) for vListInitialise
    queue.o(.text) refers to heap_2.o(.text) for pvPortMalloc
    queue.o(.text) refers to rt_memcpy.o(.text) for __aeabi_memcpy
    port.o(.text) refers to portasm.o(PORT_ASM) for vPortStartFirstTask
    port.o(.text) refers to port.o(.data) for ulCriticalNesting
    portasm.o(PORT_ASM) refers to tasks.o(.data) for pxCurrentTCB
    portasm.o(PORT_ASM) refers to port.o(.data) for ulCriticalNesting
    portasm.o(PORT_ASM) refers to tasks.o(.text) for vTaskSwitchContext
    __2sprintf.o(.text) refers to _printf_char_common.o(.text) for _printf_char_common
    __2sprintf.o(.text) refers to _sputc.o(.text) for _sputc
    noretval__2sprintf.o(.text) refers to _printf_char_common.o(.text) for _printf_char_common
    noretval__2sprintf.o(.text) refers to _sputc.o(.text) for _sputc
    __printf.o(.text) refers to __printf.o(i.__ARM_common_call_via_r1) for __ARM_common_call_via_r1
    __printf.o(.text) refers to _printf_percent.o(.ARM.Collect$$_printf_percent$$00000000) for _printf_percent
    __printf.o(.text) refers to __printf.o(i.__ARM_common_call_via_r2) for __ARM_common_call_via_r2
    _printf_dec.o(.text) refers to rtudiv10.o(.text) for __rt_udiv10
    _printf_dec.o(.text) refers to _printf_intcommon.o(.text) for _printf_int_common
    __printf_flags.o(.text) refers to __printf.o(i.__ARM_common_call_via_r1) for __ARM_common_call_via_r1
    __printf_flags.o(.text) refers to _printf_percent.o(.ARM.Collect$$_printf_percent$$00000000) for _printf_percent
    __printf_flags.o(.text) refers to __printf.o(i.__ARM_common_call_via_r2) for __ARM_common_call_via_r2
    __printf_flags.o(.text) refers to __printf_flags.o(.constdata) for .constdata
    __printf_ss.o(.text) refers to __printf.o(i.__ARM_common_call_via_r1) for __ARM_common_call_via_r1
    __printf_ss.o(.text) refers to _printf_percent.o(.ARM.Collect$$_printf_percent$$00000000) for _printf_percent
    __printf_ss.o(.text) refers to __printf.o(i.__ARM_common_call_via_r2) for __ARM_common_call_via_r2
    __printf_flags_ss.o(.text) refers to __printf.o(i.__ARM_common_call_via_r1) for __ARM_common_call_via_r1
    __printf_flags_ss.o(.text) refers to _printf_percent.o(.ARM.Collect$$_printf_percent$$00000000) for _printf_percent
    __printf_flags_ss.o(.text) refers to __printf.o(i.__ARM_common_call_via_r2) for __ARM_common_call_via_r2
    __printf_flags_ss.o(.text) refers to __printf_flags_ss.o(.constdata) for .constdata
    __printf_wp.o(.text) refers to __printf.o(i.__ARM_common_call_via_r1) for __ARM_common_call_via_r1
    __printf_wp.o(.text) refers to __printf_wp.o(i._is_digit) for _is_digit
    __printf_wp.o(.text) refers to _printf_percent.o(.ARM.Collect$$_printf_percent$$00000000) for _printf_percent
    __printf_wp.o(.text) refers to __printf.o(i.__ARM_common_call_via_r2) for __ARM_common_call_via_r2
    __printf_flags_wp.o(.text) refers to __printf.o(i.__ARM_common_call_via_r1) for __ARM_common_call_via_r1
    __printf_flags_wp.o(.text) refers to __printf_wp.o(i._is_digit) for _is_digit
    __printf_flags_wp.o(.text) refers to _printf_percent.o(.ARM.Collect$$_printf_percent$$00000000) for _printf_percent
    __printf_flags_wp.o(.text) refers to __printf.o(i.__ARM_common_call_via_r2) for __ARM_common_call_via_r2
    __printf_flags_wp.o(.text) refers to __printf_flags_wp.o(.constdata) for .constdata
    __printf_ss_wp.o(.text) refers to __printf.o(i.__ARM_common_call_via_r1) for __ARM_common_call_via_r1
    __printf_ss_wp.o(.text) refers to __printf_wp.o(i._is_digit) for _is_digit
    __printf_ss_wp.o(.text) refers to _printf_percent.o(.ARM.Collect$$_printf_percent$$00000000) for _printf_percent
    __printf_ss_wp.o(.text) refers to __printf.o(i.__ARM_common_call_via_r2) for __ARM_common_call_via_r2
    __printf_flags_ss_wp.o(.text) refers to __printf.o(i.__ARM_common_call_via_r1) for __ARM_common_call_via_r1
    __printf_flags_ss_wp.o(.text) refers to __printf_wp.o(i._is_digit) for _is_digit
    __printf_flags_ss_wp.o(.text) refers to _printf_percent.o(.ARM.Collect$$_printf_percent$$00000000) for _printf_percent
    __printf_flags_ss_wp.o(.text) refers to __printf.o(i.__ARM_common_call_via_r2) for __ARM_common_call_via_r2
    __printf_flags_ss_wp.o(.text) refers to __printf_flags_ss_wp.o(.constdata) for .constdata
    _printf_d.o(.ARM.Collect$$_printf_percent$$00000009) refers (Weak) to _printf_dec.o(.text) for _printf_int_dec
    _printf_percent.o(.ARM.Collect$$_printf_percent$$00000000) refers (Special) to _printf_percent_end.o(.ARM.Collect$$_printf_percent$$00000017) for _printf_percent_end
    __0sscanf.o(.text) refers to scanf_char.o(.text) for __vfscanf_char
    __0sscanf.o(.text) refers to _sgetc.o(.text) for _sgetc
    _scanf_int.o(.text) refers to __printf.o(i.__ARM_common_call_via_r1) for __ARM_common_call_via_r1
    _scanf_int.o(.text) refers to _chval.o(.text) for _chval
    rt_memcpy.o(.text) refers to rt_memcpy_w.o(.text) for __aeabi_memcpy4
    aeabi_memset.o(.text) refers to rt_memclr.o(.text) for _memset
    aeabi_sdiv.o(.text_udiv) refers to aeabi_sdiv.o(.text) for __arm_div2
    aeabi_sdiv_div0.o(.text_udiv) refers to aeabi_sdiv_div0.o(.text) for __arm_div2
    __main.o(!!!main) refers to rtentry.o(.ARM.Collect$$rtentry$$00000000) for __rt_entry
    rtentry.o(.ARM.Collect$$rtentry$$00000000) refers (Special) to rtentry2.o(.ARM.Collect$$rtentry$$0000000A) for __rt_entry_li
    rtentry.o(.ARM.Collect$$rtentry$$00000000) refers (Special) to rtentry2.o(.ARM.Collect$$rtentry$$0000000D) for __rt_entry_main
    rtentry.o(.ARM.Collect$$rtentry$$00000000) refers (Special) to rtentry2.o(.ARM.Collect$$rtentry$$0000000C) for __rt_entry_postli_1
    rtentry.o(.ARM.Collect$$rtentry$$00000000) refers (Special) to rtentry2.o(.ARM.Collect$$rtentry$$00000009) for __rt_entry_postsh_1
    rtentry.o(.ARM.Collect$$rtentry$$00000000) refers (Special) to rtentry2.o(.ARM.Collect$$rtentry$$00000002) for __rt_entry_presh_1
    rtentry.o(.ARM.Collect$$rtentry$$00000000) refers (Special) to rtentry4.o(.ARM.Collect$$rtentry$$00000004) for __rt_entry_sh
    aeabi_idiv0_sigfpe.o(.text) refers to rt_div0.o(.text) for __rt_div0
    _printf_intcommon.o(.text) refers to __printf.o(i.__ARM_common_call_via_r2) for __ARM_common_call_via_r2
    _printf_char_common.o(.text) refers to __printf.o(.text) for __printf
    scanf_char.o(.text) refers to _scanf.o(.text) for __vfscanf
    scanf_char.o(.text) refers to isspace.o(.text) for isspace
    rt_memclr.o(.text) refers to rt_memclr_w.o(.text) for _memset_w
    rtentry2.o(.ARM.Collect$$rtentry$$00000008) refers to boardinit2.o(.text) for _platform_post_stackheap_init
    rtentry2.o(.ARM.Collect$$rtentry$$0000000A) refers to libinit.o(.ARM.Collect$$libinit$$00000000) for __rt_lib_init
    rtentry2.o(.ARM.Collect$$rtentry$$0000000B) refers to boardinit3.o(.text) for _platform_post_lib_init
    rtentry2.o(.ARM.Collect$$rtentry$$0000000D) refers to exit.o(.text) for exit
    rtentry2.o(.ARM.Collect$$rtentry$$0000000D) refers to main.o(.text) for main
    rtentry2.o(.ARM.exidx) refers to rtentry2.o(.ARM.Collect$$rtentry$$00000001) for .ARM.Collect$$rtentry$$00000001
    rtentry2.o(.ARM.exidx) refers to rtentry2.o(.ARM.Collect$$rtentry$$00000008) for .ARM.Collect$$rtentry$$00000008
    rtentry2.o(.ARM.exidx) refers to rtentry2.o(.ARM.Collect$$rtentry$$0000000A) for .ARM.Collect$$rtentry$$0000000A
    rtentry2.o(.ARM.exidx) refers to rtentry2.o(.ARM.Collect$$rtentry$$0000000B) for .ARM.Collect$$rtentry$$0000000B
    rtentry2.o(.ARM.exidx) refers to rtentry2.o(.ARM.Collect$$rtentry$$0000000D) for .ARM.Collect$$rtentry$$0000000D
    rtentry4.o(.ARM.Collect$$rtentry$$00000004) refers to sys_stackheap_outer.o(.text) for __user_setup_stackheap
    rtentry4.o(.ARM.exidx) refers to rtentry4.o(.ARM.Collect$$rtentry$$00000004) for .ARM.Collect$$rtentry$$00000004
    rt_div0.o(.text) refers to defsig_fpe_outer.o(.text) for __rt_SIGFPE
    isspace.o(.text) refers to rt_ctype_table.o(.text) for __rt_ctype_table
    __printf_nopercent.o(.text) refers to __printf_nopercent.o(i.__ARM_common_call_via_r7) for __ARM_common_call_via_r7
    __printf_nopercent.o(.text) refers to __printf_nopercent.o(i.__ARM_common_call_via_r5) for __ARM_common_call_via_r5
    _scanf.o(.text) refers to __printf.o(i.__ARM_common_call_via_r2) for __ARM_common_call_via_r2
    _scanf.o(.text) refers to __printf.o(i.__ARM_common_call_via_r1) for __ARM_common_call_via_r1
    _scanf.o(.text) refers (Weak) to _scanf_int.o(.text) for _scanf_int
    sys_stackheap_outer.o(.text) refers to libspace.o(.text) for __user_perproc_libspace
    sys_stackheap_outer.o(.text) refers to startup.o(.text) for __user_initial_stackheap
    rt_ctype_table.o(.text) refers to rt_locale_intlibspace.o(.text) for __rt_locale
    rt_ctype_table.o(.text) refers to lc_ctype_c.o(locale$$code) for _get_lc_ctype
    exit.o(.text) refers to rtexit.o(.ARM.Collect$$rtexit$$00000000) for __rt_exit
    defsig_fpe_outer.o(.text) refers to defsig_fpe_inner.o(.text) for __rt_SIGFPE_inner
    defsig_fpe_outer.o(.text) refers to defsig_exit.o(.text) for __sig_exit
    defsig_fpe_formal.o(.text) refers to rt_raise.o(.text) for __rt_raise
    libinit.o(.ARM.Collect$$libinit$$00000000) refers (Special) to libinit2.o(.ARM.Collect$$libinit$$0000002C) for __rt_lib_init_alloca_1
    libinit.o(.ARM.Collect$$libinit$$00000000) refers (Special) to libinit2.o(.ARM.Collect$$libinit$$0000002A) for __rt_lib_init_argv_1
    libinit.o(.ARM.Collect$$libinit$$00000000) refers (Special) to libinit2.o(.ARM.Collect$$libinit$$00000019) for __rt_lib_init_atexit_1
    libinit.o(.ARM.Collect$$libinit$$00000000) refers (Special) to libinit2.o(.ARM.Collect$$libinit$$0000001F) for __rt_lib_init_clock_1
    libinit.o(.ARM.Collect$$libinit$$00000000) refers (Special) to libinit2.o(.ARM.Collect$$libinit$$00000030) for __rt_lib_init_cpp_1
    libinit.o(.ARM.Collect$$libinit$$00000000) refers (Special) to libinit2.o(.ARM.Collect$$libinit$$0000002E) for __rt_lib_init_exceptions_1
    libinit.o(.ARM.Collect$$libinit$$00000000) refers (Special) to libinit2.o(.ARM.Collect$$libinit$$00000002) for __rt_lib_init_fp_1
    libinit.o(.ARM.Collect$$libinit$$00000000) refers (Special) to libinit2.o(.ARM.Collect$$libinit$$0000001D) for __rt_lib_init_fp_trap_1
    libinit.o(.ARM.Collect$$libinit$$00000000) refers (Special) to libinit2.o(.ARM.Collect$$libinit$$00000021) for __rt_lib_init_getenv_1
    libinit.o(.ARM.Collect$$libinit$$00000000) refers (Special) to libinit2.o(.ARM.Collect$$libinit$$00000008) for __rt_lib_init_heap_1
    libinit.o(.ARM.Collect$$libinit$$00000000) refers (Special) to libinit2.o(.ARM.Collect$$libinit$$0000000F) for __rt_lib_init_lc_collate_1
    libinit.o(.ARM.Collect$$libinit$$00000000) refers (Special) to libinit2.o(.ARM.Collect$$libinit$$00000011) for __rt_lib_init_lc_ctype_1
    libinit.o(.ARM.Collect$$libinit$$00000000) refers (Special) to libinit2.o(.ARM.Collect$$libinit$$00000013) for __rt_lib_init_lc_monetary_1
    libinit.o(.ARM.Collect$$libinit$$00000000) refers (Special) to libinit2.o(.ARM.Collect$$libinit$$00000015) for __rt_lib_init_lc_numeric_1
    libinit.o(.ARM.Collect$$libinit$$00000000) refers (Special) to libinit2.o(.ARM.Collect$$libinit$$00000017) for __rt_lib_init_lc_time_1
    libinit.o(.ARM.Collect$$libinit$$00000000) refers (Special) to libinit2.o(.ARM.Collect$$libinit$$0000000C) for __rt_lib_init_rand_1
    libinit.o(.ARM.Collect$$libinit$$00000000) refers (Special) to libinit2.o(.ARM.Collect$$libinit$$00000031) for __rt_lib_init_return
    libinit.o(.ARM.Collect$$libinit$$00000000) refers (Special) to libinit2.o(.ARM.Collect$$libinit$$0000001B) for __rt_lib_init_signal_1
    libinit.o(.ARM.Collect$$libinit$$00000000) refers (Special) to libinit2.o(.ARM.Collect$$libinit$$00000023) for __rt_lib_init_stdio_1
    libinit.o(.ARM.Collect$$libinit$$00000000) refers (Special) to libinit2.o(.ARM.Collect$$libinit$$0000000A) for __rt_lib_init_user_alloc_1
    libspace.o(.text) refers to libspace.o(.bss) for __libspace_start
    rtexit.o(.ARM.Collect$$rtexit$$00000000) refers (Special) to rtexit2.o(.ARM.Collect$$rtexit$$00000004) for __rt_exit_exit
    rtexit.o(.ARM.Collect$$rtexit$$00000000) refers (Special) to rtexit2.o(.ARM.Collect$$rtexit$$00000003) for __rt_exit_ls
    rtexit.o(.ARM.Collect$$rtexit$$00000000) refers (Special) to rtexit2.o(.ARM.Collect$$rtexit$$00000002) for __rt_exit_prels_1
    rtexit.o(.ARM.exidx) refers (Special) to rtexit2.o(.ARM.Collect$$rtexit$$00000004) for __rt_exit_exit
    rtexit.o(.ARM.exidx) refers (Special) to rtexit2.o(.ARM.Collect$$rtexit$$00000003) for __rt_exit_ls
    rtexit.o(.ARM.exidx) refers (Special) to rtexit2.o(.ARM.Collect$$rtexit$$00000002) for __rt_exit_prels_1
    rtexit.o(.ARM.exidx) refers to rtexit.o(.ARM.Collect$$rtexit$$00000000) for .ARM.Collect$$rtexit$$00000000
    rt_raise.o(.text) refers to __raise.o(.text) for __raise
    rt_raise.o(.text) refers to sys_exit.o(.text) for _sys_exit
    rt_locale.o(.text) refers to rt_locale.o(.bss) for __rt_locale_data
    rt_locale_intlibspace.o(.text) refers to libspace.o(.bss) for __libspace_start
    lc_ctype_c.o(locale$$data) refers (Special) to libinit2.o(.ARM.Collect$$libinit$$00000010) for __rt_lib_init_lc_ctype_2
    lc_ctype_c.o(locale$$code) refers (Special) to libinit2.o(.ARM.Collect$$libinit$$00000010) for __rt_lib_init_lc_ctype_2
    lc_ctype_c.o(locale$$code) refers to strcmp.o(.text) for strcmp
    lc_ctype_c.o(locale$$code) refers to lc_ctype_c.o(locale$$data) for __lcctype_c_name
    defsig_exit.o(.text) refers to sys_exit.o(.text) for _sys_exit
    defsig_fpe_inner.o(.text) refers to defsig_general.o(.text) for __default_signal_display
    libinit2.o(.ARM.Collect$$libinit$$00000001) refers to fpinit.o(x$fpl$fpinit) for _fp_init
    libinit2.o(.ARM.Collect$$libinit$$0000000D) refers (Weak) to rt_locale_intlibspace.o(.text) for __rt_locale
    libinit2.o(.ARM.Collect$$libinit$$0000000E) refers to libinit2.o(.ARM.Collect$$libinit$$0000000D) for .ARM.Collect$$libinit$$0000000D
    libinit2.o(.ARM.Collect$$libinit$$00000010) refers to libinit2.o(.ARM.Collect$$libinit$$0000000D) for .ARM.Collect$$libinit$$0000000D
    libinit2.o(.ARM.Collect$$libinit$$00000010) refers (Weak) to lc_ctype_c.o(locale$$code) for _get_lc_ctype
    libinit2.o(.ARM.Collect$$libinit$$00000012) refers to libinit2.o(.ARM.Collect$$libinit$$0000000D) for .ARM.Collect$$libinit$$0000000D
    libinit2.o(.ARM.Collect$$libinit$$00000014) refers to libinit2.o(.ARM.Collect$$libinit$$0000000D) for .ARM.Collect$$libinit$$0000000D
    libinit2.o(.ARM.Collect$$libinit$$00000016) refers to libinit2.o(.ARM.Collect$$libinit$$0000000D) for .ARM.Collect$$libinit$$0000000D
    libinit2.o(.ARM.Collect$$libinit$$00000024) refers to argv_veneer.o(.emb_text) for __ARM_argv_veneer
    libinit2.o(.ARM.Collect$$libinit$$00000025) refers to argv_veneer.o(.emb_text) for __ARM_argv_veneer
    sys_exit.o(.text) refers (Special) to use_no_semi.o(.text) for __I$use$semihosting
    sys_exit.o(.text) refers (Special) to indicate_semi.o(.text) for __semihosting_library_function
    rtexit2.o(.ARM.Collect$$rtexit$$00000003) refers to libshutdown.o(.ARM.Collect$$libshutdown$$00000000) for __rt_lib_shutdown
    rtexit2.o(.ARM.Collect$$rtexit$$00000004) refers to sys_exit.o(.text) for _sys_exit
    rtexit2.o(.ARM.exidx) refers to rtexit2.o(.ARM.Collect$$rtexit$$00000001) for .ARM.Collect$$rtexit$$00000001
    rtexit2.o(.ARM.exidx) refers to rtexit2.o(.ARM.Collect$$rtexit$$00000003) for .ARM.Collect$$rtexit$$00000003
    rtexit2.o(.ARM.exidx) refers to rtexit2.o(.ARM.Collect$$rtexit$$00000004) for .ARM.Collect$$rtexit$$00000004
    __raise.o(.text) refers to __printf.o(i.__ARM_common_call_via_r2) for __ARM_common_call_via_r2
    __raise.o(.text) refers to defsig.o(CL$$defsig) for __default_signal_handler
    defsig_general.o(.text) refers to sys_wrch.o(.text) for _ttywrch
    argv_veneer.o(.emb_text) refers to no_argv.o(.text) for __ARM_get_argv
    sys_wrch.o(.text) refers (Special) to use_no_semi.o(.text) for __I$use$semihosting
    sys_wrch.o(.text) refers (Special) to indicate_semi.o(.text) for __semihosting_library_function
    defsig.o(CL$$defsig) refers to defsig_fpe_inner.o(.text) for __rt_SIGFPE_inner
    defsig.o(CL$$defsig) refers to defsig_rtmem_inner.o(.text) for __rt_SIGRTMEM_inner
    _get_argv_nomalloc.o(.text) refers (Special) to hrguard.o(.text) for __heap_region$guard
    _get_argv_nomalloc.o(.text) refers to defsig_rtmem_outer.o(.text) for __rt_SIGRTMEM
    _get_argv_nomalloc.o(.text) refers to sys_command.o(.text) for _sys_command_string
    libshutdown.o(.ARM.Collect$$libshutdown$$00000000) refers (Special) to libshutdown2.o(.ARM.Collect$$libshutdown$$00000006) for __rt_lib_shutdown_fp_trap_1
    libshutdown.o(.ARM.Collect$$libshutdown$$00000000) refers (Special) to libshutdown2.o(.ARM.Collect$$libshutdown$$0000000E) for __rt_lib_shutdown_heap_1
    libshutdown.o(.ARM.Collect$$libshutdown$$00000000) refers (Special) to libshutdown2.o(.ARM.Collect$$libshutdown$$0000000F) for __rt_lib_shutdown_return
    libshutdown.o(.ARM.Collect$$libshutdown$$00000000) refers (Special) to libshutdown2.o(.ARM.Collect$$libshutdown$$00000009) for __rt_lib_shutdown_signal_1
    libshutdown.o(.ARM.Collect$$libshutdown$$00000000) refers (Special) to libshutdown2.o(.ARM.Collect$$libshutdown$$00000003) for __rt_lib_shutdown_stdio_1
    libshutdown.o(.ARM.Collect$$libshutdown$$00000000) refers (Special) to libshutdown2.o(.ARM.Collect$$libshutdown$$0000000B) for __rt_lib_shutdown_user_alloc_1
    sys_command.o(.text) refers (Special) to use_no_semi.o(.text) for __I$use$semihosting
    sys_command.o(.text) refers (Special) to indicate_semi.o(.text) for __semihosting_library_function
    defsig_abrt_inner.o(.text) refers to defsig_general.o(.text) for __default_signal_display
    defsig_rtred_inner.o(.text) refers to defsig_general.o(.text) for __default_signal_display
    defsig_rtmem_inner.o(.text) refers to defsig_general.o(.text) for __default_signal_display
    defsig_rtmem_outer.o(.text) refers to defsig_rtmem_inner.o(.text) for __rt_SIGRTMEM_inner
    defsig_rtmem_outer.o(.text) refers to defsig_exit.o(.text) for __sig_exit
    defsig_rtmem_formal.o(.text) refers to rt_raise.o(.text) for __rt_raise
    defsig_stak_inner.o(.text) refers to defsig_general.o(.text) for __default_signal_display
    defsig_pvfn_inner.o(.text) refers to defsig_general.o(.text) for __default_signal_display
    defsig_cppl_inner.o(.text) refers to defsig_general.o(.text) for __default_signal_display
    defsig_segv_inner.o(.text) refers to defsig_general.o(.text) for __default_signal_display
    defsig_other.o(.text) refers to defsig_general.o(.text) for __default_signal_display


==============================================================================

Adding Veneers to the image

    Adding TA veneer (4 bytes, Inline) for call to '_printf_percent' from __printf.o(.text).
    Adding AT veneer (8 bytes, Inline) for call to '__rt_lib_init' from rtentry2.o(.ARM.Collect$$rtentry$$0000000A).
    Adding AT veneer (8 bytes, Inline) for call to '__rt_lib_shutdown' from rtexit2.o(.ARM.Collect$$rtexit$$00000003).
    Adding TA veneer (4 bytes, Inline) for call to '__rt_exit' from exit.o(.text).
    Adding AT veneer (8 bytes, Inline) for call to '__2sprintf' from main.o(.text).
    Adding AT veneer (8 bytes, Inline) for call to '_printf_int_dec' from _printf_d.o(.ARM.Collect$$_printf_percent$$00000009).
    Adding AT veneer (8 bytes, Inline) for call to '__0sscanf' from main.o(.text).
    Adding TA veneer (4 bytes, Inline) for call to '__rt_udiv10' from _printf_dec.o(.text).
    Adding TA veneer (4 bytes, Inline) for call to '__rt_ctype_table' from isspace.o(.text).
    Adding TA veneer (4 bytes, Inline) for call to '__rt_locale' from libinit2.o(.ARM.Collect$$libinit$$0000000D).
    Adding AT veneer (8 bytes, Inline) for call to '_sys_exit' from rtexit2.o(.ARM.Collect$$rtexit$$00000004).
    Adding TA veneer (4 bytes, Inline) for call to '_get_lc_ctype' from libinit2.o(.ARM.Collect$$libinit$$00000010).

12 Veneer(s) (total 72 bytes) added to the image.

==============================================================================

Image Symbol Table

    Local Symbols

    Symbol Name                              Value     Ov Type        Size  Object(Section)

    RESET                                    0x00000000   Section      260  startup.o(RESET)
    ../clib/angel/boardlib.s                 0x00000000   Number         0  boardshut.o ABSOLUTE
    ../clib/angel/boardlib.s                 0x00000000   Number         0  boardinit3.o ABSOLUTE
    ../clib/angel/boardlib.s                 0x00000000   Number         0  boardinit1.o ABSOLUTE
    ../clib/angel/boardlib.s                 0x00000000   Number         0  boardinit2.o ABSOLUTE
    ../clib/angel/handlers.s                 0x00000000   Number         0  __scatter_zi.o ABSOLUTE
    ../clib/angel/handlers.s                 0x00000000   Number         0  __scatter_copy.o ABSOLUTE
    ../clib/angel/kernel.s                   0x00000000   Number         0  rtentry.o ABSOLUTE
    ../clib/angel/kernel.s                   0x00000000   Number         0  rtexit2.o ABSOLUTE
    ../clib/angel/kernel.s                   0x00000000   Number         0  rtexit.o ABSOLUTE
    ../clib/angel/kernel.s                   0x00000000   Number         0  rtentry4.o ABSOLUTE
    ../clib/angel/kernel.s                   0x00000000   Number         0  rtentry2.o ABSOLUTE
    ../clib/angel/rt.s                       0x00000000   Number         0  rt_raise.o ABSOLUTE
    ../clib/angel/rt.s                       0x00000000   Number         0  aeabi_idiv0.o ABSOLUTE
    ../clib/angel/rt.s                       0x00000000   Number         0  aeabi_idiv0_sigfpe.o ABSOLUTE
    ../clib/angel/rt.s                       0x00000000   Number         0  rt_locale_intlibspace.o ABSOLUTE
    ../clib/angel/rt.s                       0x00000000   Number         0  rt_div0.o ABSOLUTE
    ../clib/angel/rt.s                       0x00000000   Number         0  rt_ctype_table.o ABSOLUTE
    ../clib/angel/rt.s                       0x00000000   Number         0  rt_locale.o ABSOLUTE
    ../clib/angel/scatter.s                  0x00000000   Number         0  __scatter.o ABSOLUTE
    ../clib/angel/startup.s                  0x00000000   Number         0  __main.o ABSOLUTE
    ../clib/angel/sys.s                      0x00000000   Number         0  indicate_semi.o ABSOLUTE
    ../clib/angel/sys.s                      0x00000000   Number         0  libspace.o ABSOLUTE
    ../clib/angel/sys.s                      0x00000000   Number         0  use_no_semi.o ABSOLUTE
    ../clib/angel/sys.s                      0x00000000   Number         0  sys_stackheap_outer.o ABSOLUTE
    ../clib/angel/sysapp.c                   0x00000000   Number         0  sys_exit.o ABSOLUTE
    ../clib/angel/sysapp.c                   0x00000000   Number         0  sys_wrch.o ABSOLUTE
    ../clib/angel/sysapp.c                   0x00000000   Number         0  sys_command.o ABSOLUTE
    ../clib/armsys.c                         0x00000000   Number         0  argv_veneer.o ABSOLUTE
    ../clib/armsys.c                         0x00000000   Number         0  argv_veneer.o ABSOLUTE
    ../clib/armsys.c                         0x00000000   Number         0  no_argv.o ABSOLUTE
    ../clib/armsys.c                         0x00000000   Number         0  _get_argv_nomalloc.o ABSOLUTE
    ../clib/ctype.c                          0x00000000   Number         0  isspace.o ABSOLUTE
    ../clib/division.s                       0x00000000   Number         0  aeabi_sdiv.o ABSOLUTE
    ../clib/division.s                       0x00000000   Number         0  rtudiv10.o ABSOLUTE
    ../clib/division.s                       0x00000000   Number         0  aeabi_sdiv_div0.o ABSOLUTE
    ../clib/divrt.s                          0x00000000   Number         0  divrt_7tdmi.o ABSOLUTE
    ../clib/divrt.s                          0x00000000   Number         0  divrt_7tdmi_div0.o ABSOLUTE
    ../clib/heapalloc.c                      0x00000000   Number         0  hrguard.o ABSOLUTE
    ../clib/heapaux.c                        0x00000000   Number         0  heapauxi.o ABSOLUTE
    ../clib/libinit.s                        0x00000000   Number         0  libshutdown2.o ABSOLUTE
    ../clib/libinit.s                        0x00000000   Number         0  libinit2.o ABSOLUTE
    ../clib/libinit.s                        0x00000000   Number         0  libinit.o ABSOLUTE
    ../clib/libinit.s                        0x00000000   Number         0  libshutdown.o ABSOLUTE
    ../clib/locale.s                         0x00000000   Number         0  lc_ctype_c.o ABSOLUTE
    ../clib/memcpset.s                       0x00000000   Number         0  rt_memcpy_w.o ABSOLUTE
    ../clib/memcpset.s                       0x00000000   Number         0  strcmp.o ABSOLUTE
    ../clib/memcpset.s                       0x00000000   Number         0  rt_memclr_w.o ABSOLUTE
    ../clib/memcpset.s                       0x00000000   Number         0  rt_memcpy.o ABSOLUTE
    ../clib/memcpset.s                       0x00000000   Number         0  aeabi_memset.o ABSOLUTE
    ../clib/memcpset.s                       0x00000000   Number         0  rt_memclr.o ABSOLUTE
    ../clib/printf.c                         0x00000000   Number         0  _printf_char_common.o ABSOLUTE
    ../clib/printf.c                         0x00000000   Number         0  __printf_flags_ss.o ABSOLUTE
    ../clib/printf.c                         0x00000000   Number         0  __printf_flags.o ABSOLUTE
    ../clib/printf.c                         0x00000000   Number         0  __printf.o ABSOLUTE
    ../clib/printf.c                         0x00000000   Number         0  __printf_nopercent.o ABSOLUTE
    ../clib/printf.c                         0x00000000   Number         0  _printf_intcommon.o ABSOLUTE
    ../clib/printf.c                         0x00000000   Number         0  __printf_ss.o ABSOLUTE
    ../clib/printf.c                         0x00000000   Number         0  noretval__2sprintf.o ABSOLUTE
    ../clib/printf.c                         0x00000000   Number         0  _sputc.o ABSOLUTE
    ../clib/printf.c                         0x00000000   Number         0  __printf_wp.o ABSOLUTE
    ../clib/printf.c                         0x00000000   Number         0  __printf_flags_wp.o ABSOLUTE
    ../clib/printf.c                         0x00000000   Number         0  __printf_ss_wp.o ABSOLUTE
    ../clib/printf.c                         0x00000000   Number         0  __printf_flags_ss_wp.o ABSOLUTE
    ../clib/printf.c                         0x00000000   Number         0  __2sprintf.o ABSOLUTE
    ../clib/printf.c                         0x00000000   Number         0  _printf_dec.o ABSOLUTE
    ../clib/printf_percent.s                 0x00000000   Number         0  _printf_d.o ABSOLUTE
    ../clib/printf_percent.s                 0x00000000   Number         0  _printf_percent.o ABSOLUTE
    ../clib/printf_percent.s                 0x00000000   Number         0  _printf_percent_end.o ABSOLUTE
    ../clib/scanf.c                          0x00000000   Number         0  _chval.o ABSOLUTE
    ../clib/scanf.c                          0x00000000   Number         0  scanf_char.o ABSOLUTE
    ../clib/scanf.c                          0x00000000   Number         0  _scanf.o ABSOLUTE
    ../clib/scanf.c                          0x00000000   Number         0  _sgetc.o ABSOLUTE
    ../clib/scanf.c                          0x00000000   Number         0  _scanf_int.o ABSOLUTE
    ../clib/scanf.c                          0x00000000   Number         0  __0sscanf.o ABSOLUTE
    ../clib/signal.c                         0x00000000   Number         0  __raise.o ABSOLUTE
    ../clib/signal.c                         0x00000000   Number         0  defsig_cppl_inner.o ABSOLUTE
    ../clib/signal.c                         0x00000000   Number         0  defsig_fpe_inner.o ABSOLUTE
    ../clib/signal.c                         0x00000000   Number         0  defsig_exit.o ABSOLUTE
    ../clib/signal.c                         0x00000000   Number         0  defsig_fpe_formal.o ABSOLUTE
    ../clib/signal.c                         0x00000000   Number         0  defsig_fpe_outer.o ABSOLUTE
    ../clib/signal.c                         0x00000000   Number         0  defsig_other.o ABSOLUTE
    ../clib/signal.c                         0x00000000   Number         0  defsig_segv_inner.o ABSOLUTE
    ../clib/signal.c                         0x00000000   Number         0  defsig_pvfn_inner.o ABSOLUTE
    ../clib/signal.c                         0x00000000   Number         0  defsig_stak_inner.o ABSOLUTE
    ../clib/signal.c                         0x00000000   Number         0  defsig_rtmem_formal.o ABSOLUTE
    ../clib/signal.c                         0x00000000   Number         0  defsig_rtmem_outer.o ABSOLUTE
    ../clib/signal.c                         0x00000000   Number         0  defsig_rtmem_inner.o ABSOLUTE
    ../clib/signal.c                         0x00000000   Number         0  defsig_rtred_inner.o ABSOLUTE
    ../clib/signal.c                         0x00000000   Number         0  defsig_abrt_inner.o ABSOLUTE
    ../clib/signal.c                         0x00000000   Number         0  defsig_general.o ABSOLUTE
    ../clib/signal.s                         0x00000000   Number         0  defsig.o ABSOLUTE
    ../clib/stdlib.c                         0x00000000   Number         0  exit.o ABSOLUTE
    ../fplib/fpinit.s                        0x00000000   Number         0  fpinit.o ABSOLUTE
    C:\Keil\FreeRTOS_V9.0.0rc2\FreeRTOS\Source\list.c 0x00000000   Number         0  list.o ABSOLUTE
    C:\Keil\FreeRTOS_V9.0.0rc2\FreeRTOS\Source\portable\MemMang\heap_2.c 0x00000000   Number         0  heap_2.o ABSOLUTE
    C:\Keil\FreeRTOS_V9.0.0rc2\FreeRTOS\Source\portable\RVDS\ARM7_LPC21xx\port.c 0x00000000   Number         0  port.o ABSOLUTE
    C:\Keil\FreeRTOS_V9.0.0rc2\FreeRTOS\Source\portable\RVDS\ARM7_LPC21xx\portASM.s 0x00000000   Number         0  portasm.o ABSOLUTE
    C:\Keil\FreeRTOS_V9.0.0rc2\FreeRTOS\Source\queue.c 0x00000000   Number         0  queue.o ABSOLUTE
    C:\Keil\FreeRTOS_V9.0.0rc2\FreeRTOS\Source\tasks.c 0x00000000   Number         0  tasks.o ABSOLUTE
    Startup.s                                0x00000000   Number         0  startup.o ABSOLUTE
    dc.s                                     0x00000000   Number         0  dc.o ABSOLUTE
    main.c                                   0x00000000   Number         0  main.o ABSOLUTE
    Undef_Handler                            0x00000040   ARM Code       4  startup.o(RESET)
    PAbt_Handler                             0x00000048   ARM Code       4  startup.o(RESET)
    DAbt_Handler                             0x0000004c   ARM Code       4  startup.o(RESET)
    IRQ_Handler                              0x00000050   ARM Code       4  startup.o(RESET)
    FIQ_Handler                              0x00000054   ARM Code       4  startup.o(RESET)
    !!!main                                  0x00000104   Section        8  __main.o(!!!main)
    !!!scatter                               0x0000010c   Section       60  __scatter.o(!!!scatter)
    !!handler_copy                           0x00000148   Section       40  __scatter_copy.o(!!handler_copy)
    !!handler_zi                             0x00000170   Section       44  __scatter_zi.o(!!handler_zi)
    .ARM.Collect$$_printf_percent$$00000000  0x000001a0   Section        0  _printf_percent.o(.ARM.Collect$$_printf_percent$$00000000)
    .ARM.Collect$$_printf_percent$$00000009  0x000001a0   Section        8  _printf_d.o(.ARM.Collect$$_printf_percent$$00000009)
    .ARM.Collect$$_printf_percent$$00000017  0x000001a8   Section        8  _printf_percent_end.o(.ARM.Collect$$_printf_percent$$00000017)
    .ARM.Collect$$libinit$$00000000          0x000001b8   Section        2  libinit.o(.ARM.Collect$$libinit$$00000000)
    .ARM.Collect$$libinit$$00000002          0x000001ba   Section        0  libinit2.o(.ARM.Collect$$libinit$$00000002)
    .ARM.Collect$$libinit$$00000008          0x000001ba   Section        0  libinit2.o(.ARM.Collect$$libinit$$00000008)
    .ARM.Collect$$libinit$$0000000A          0x000001ba   Section        0  libinit2.o(.ARM.Collect$$libinit$$0000000A)
    .ARM.Collect$$libinit$$0000000C          0x000001ba   Section        0  libinit2.o(.ARM.Collect$$libinit$$0000000C)
    .ARM.Collect$$libinit$$0000000D          0x000001ba   Section        6  libinit2.o(.ARM.Collect$$libinit$$0000000D)
    .ARM.Collect$$libinit$$0000000F          0x000001c0   Section        0  libinit2.o(.ARM.Collect$$libinit$$0000000F)
    .ARM.Collect$$libinit$$00000010          0x000001c0   Section       12  libinit2.o(.ARM.Collect$$libinit$$00000010)
    .ARM.Collect$$libinit$$00000011          0x000001cc   Section        0  libinit2.o(.ARM.Collect$$libinit$$00000011)
    .ARM.Collect$$libinit$$00000013          0x000001cc   Section        0  libinit2.o(.ARM.Collect$$libinit$$00000013)
    .ARM.Collect$$libinit$$00000015          0x000001cc   Section        0  libinit2.o(.ARM.Collect$$libinit$$00000015)
    .ARM.Collect$$libinit$$00000017          0x000001cc   Section        0  libinit2.o(.ARM.Collect$$libinit$$00000017)
    .ARM.Collect$$libinit$$00000019          0x000001cc   Section        0  libinit2.o(.ARM.Collect$$libinit$$00000019)
    .ARM.Collect$$libinit$$0000001B          0x000001cc   Section        0  libinit2.o(.ARM.Collect$$libinit$$0000001B)
    .ARM.Collect$$libinit$$0000001D          0x000001cc   Section        0  libinit2.o(.ARM.Collect$$libinit$$0000001D)
    .ARM.Collect$$libinit$$0000001F          0x000001cc   Section        0  libinit2.o(.ARM.Collect$$libinit$$0000001F)
    .ARM.Collect$$libinit$$00000021          0x000001cc   Section        0  libinit2.o(.ARM.Collect$$libinit$$00000021)
    .ARM.Collect$$libinit$$00000023          0x000001cc   Section        0  libinit2.o(.ARM.Collect$$libinit$$00000023)
    .ARM.Collect$$libinit$$0000002A          0x000001cc   Section        0  libinit2.o(.ARM.Collect$$libinit$$0000002A)
    .ARM.Collect$$libinit$$0000002C          0x000001cc   Section        0  libinit2.o(.ARM.Collect$$libinit$$0000002C)
    .ARM.Collect$$libinit$$0000002E          0x000001cc   Section        0  libinit2.o(.ARM.Collect$$libinit$$0000002E)
    .ARM.Collect$$libinit$$00000030          0x000001cc   Section        0  libinit2.o(.ARM.Collect$$libinit$$00000030)
    .ARM.Collect$$libinit$$00000031          0x000001cc   Section       12  libinit2.o(.ARM.Collect$$libinit$$00000031)
    .ARM.Collect$$libshutdown$$00000000      0x000001e0   Section        4  libshutdown.o(.ARM.Collect$$libshutdown$$00000000)
    .ARM.Collect$$libshutdown$$00000003      0x000001e4   Section        0  libshutdown2.o(.ARM.Collect$$libshutdown$$00000003)
    .ARM.Collect$$libshutdown$$00000006      0x000001e4   Section        0  libshutdown2.o(.ARM.Collect$$libshutdown$$00000006)
    .ARM.Collect$$libshutdown$$00000009      0x000001e4   Section        0  libshutdown2.o(.ARM.Collect$$libshutdown$$00000009)
    .ARM.Collect$$libshutdown$$0000000B      0x000001e4   Section        0  libshutdown2.o(.ARM.Collect$$libshutdown$$0000000B)
    .ARM.Collect$$libshutdown$$0000000E      0x000001e4   Section        0  libshutdown2.o(.ARM.Collect$$libshutdown$$0000000E)
    .ARM.Collect$$libshutdown$$0000000F      0x000001e4   Section        6  libshutdown2.o(.ARM.Collect$$libshutdown$$0000000F)
    .ARM.Collect$$rtentry$$00000000          0x000001ec   Section        0  rtentry.o(.ARM.Collect$$rtentry$$00000000)
    .ARM.Collect$$rtentry$$00000002          0x000001ec   Section        0  rtentry2.o(.ARM.Collect$$rtentry$$00000002)
    .ARM.Collect$$rtentry$$00000004          0x000001ec   Section        8  rtentry4.o(.ARM.Collect$$rtentry$$00000004)
    .ARM.Collect$$rtentry$$00000009          0x000001f4   Section        0  rtentry2.o(.ARM.Collect$$rtentry$$00000009)
    .ARM.Collect$$rtentry$$0000000A          0x000001f4   Section        4  rtentry2.o(.ARM.Collect$$rtentry$$0000000A)
    .ARM.Collect$$rtentry$$0000000C          0x000001f8   Section        0  rtentry2.o(.ARM.Collect$$rtentry$$0000000C)
    .ARM.Collect$$rtentry$$0000000D          0x000001f8   Section       40  rtentry2.o(.ARM.Collect$$rtentry$$0000000D)
    .ARM.Collect$$rtexit$$00000000           0x00000224   Section        4  rtexit.o(.ARM.Collect$$rtexit$$00000000)
    .ARM.Collect$$rtexit$$00000002           0x00000228   Section        0  rtexit2.o(.ARM.Collect$$rtexit$$00000002)
    .ARM.Collect$$rtexit$$00000003           0x00000228   Section        4  rtexit2.o(.ARM.Collect$$rtexit$$00000003)
    .ARM.Collect$$rtexit$$00000004           0x0000022c   Section        8  rtexit2.o(.ARM.Collect$$rtexit$$00000004)
    .text                                    0x00000234   Section       32  startup.o(.text)
    .text                                    0x00000254   Section        0  main.o(.text)
    .text                                    0x00000804   Section        0  heap_2.o(.text)
    prvHeapInit                              0x00000804   ARM Code      72  heap_2.o(.text)
    .text                                    0x00000a10   Section        0  tasks.o(.text)
    prvInitialiseTaskLists                   0x00000a10   ARM Code     112  tasks.o(.text)
    prvAddNewTaskToReadyList                 0x00000a80   ARM Code     272  tasks.o(.text)
    prvInitialiseNewTask                     0x00000b90   ARM Code     236  tasks.o(.text)
    prvResetNextTaskUnblockTime              0x00000d20   ARM Code      88  tasks.o(.text)
    prvDeleteTCB                             0x00000d78   ARM Code      32  tasks.o(.text)
    prvAddCurrentTaskToDelayedList           0x00001194   ARM Code     184  tasks.o(.text)
    prvTaskIsTaskSuspended                   0x00001708   ARM Code     124  tasks.o(.text)
    prvCheckTasksWaitingTermination          0x00001920   ARM Code     160  tasks.o(.text)
    prvIdleTask                              0x000019c0   ARM Code      32  tasks.o(.text)
    prvTaskCheckFreeStackSpace               0x00001ae0   ARM Code      48  tasks.o(.text)
    prvListTasksWithinSingleList             0x00001bec   ARM Code     188  tasks.o(.text)
    .text                                    0x00002620   Section        0  queue.o(.text)
    prvInitialiseNewQueue                    0x000026dc   ARM Code      76  queue.o(.text)
    prvUnlockQueue                           0x00002788   ARM Code     232  queue.o(.text)
    prvIsQueueFull                           0x00002870   ARM Code      56  queue.o(.text)
    prvCopyDataToQueue                       0x000028a8   ARM Code     208  queue.o(.text)
    prvInitialiseMutex                       0x00002af4   ARM Code      60  queue.o(.text)
    prvIsQueueEmpty                          0x00002c90   ARM Code      52  queue.o(.text)
    prvCopyDataFromQueue                     0x00002cc4   ARM Code      88  queue.o(.text)
    .text                                    0x000030a8   Section        0  list.o(.text)
    .text                                    0x000031bc   Section        0  port.o(.text)
    prvSetupTimerInterrupt                   0x000032a8   ARM Code     100  port.o(.text)
    .text                                    0x000033bc   Section        0  noretval__2sprintf.o(.text)
    .text                                    0x000033e4   Section        0  __printf.o(.text)
    .text                                    0x00003464   Section        0  _printf_dec.o(.text)
    .text                                    0x000034dc   Section        0  __0sscanf.o(.text)
    .text                                    0x0000351c   Section        0  _scanf_int.o(.text)
    .text                                    0x00003678   Section      212  rt_memcpy.o(.text)
    .text                                    0x0000374c   Section       16  aeabi_memset.o(.text)
    .text                                    0x0000375c   Section      384  aeabi_sdiv.o(.text)
    __arm_div8                               0x00003788   ARM Code       0  aeabi_sdiv.o(.text)
    __arm_div5                               0x000037ac   ARM Code       0  aeabi_sdiv.o(.text)
    __arm_div2                               0x000037d0   ARM Code       0  aeabi_sdiv.o(.text)
    __arm_div_large                          0x0000380c   ARM Code       0  aeabi_sdiv.o(.text)
    .text                                    0x000038dc   Section        0  heapauxi.o(.text)
    .text                                    0x000038e2   Section        0  _printf_intcommon.o(.text)
    .text                                    0x0000399c   Section        0  _printf_char_common.o(.text)
    _printf_input_char                       0x0000399d   Thumb Code    10  _printf_char_common.o(.text)
    .text                                    0x000039cc   Section        0  _sputc.o(.text)
    .text                                    0x000039d6   Section        0  _chval.o(.text)
    .text                                    0x000039f4   Section        0  scanf_char.o(.text)
    _scanf_char_input                        0x000039f5   Thumb Code    12  scanf_char.o(.text)
    .text                                    0x00003a28   Section        0  _sgetc.o(.text)
    .text                                    0x00003a6c   Section      100  rt_memcpy_w.o(.text)
    .text                                    0x00003ad0   Section       64  rt_memclr.o(.text)
    .text                                    0x00003b14   Section       44  rtudiv10.o(.text)
    .text                                    0x00003b40   Section        0  isspace.o(.text)
    .text                                    0x00003b58   Section        0  _scanf.o(.text)
    .text                                    0x00003f20   Section       84  rt_memclr_w.o(.text)
    .text                                    0x00003f74   Section       96  sys_stackheap_outer.o(.text)
    .text                                    0x00003fd8   Section       24  rt_ctype_table.o(.text)
    .text                                    0x00003ff0   Section        0  exit.o(.text)
    .text                                    0x00003ffc   Section       12  libspace.o(.text)
    .text                                    0x0000400c   Section       12  rt_locale_intlibspace.o(.text)
    .text                                    0x00004020   Section        0  sys_exit.o(.text)
    .text                                    0x0000402c   Section      160  strcmp.o(.text)
    .text                                    0x000040cc   Section        4  use_no_semi.o(.text)
    .text                                    0x000040d0   Section        0  indicate_semi.o(.text)
    .text_udiv                               0x000040d0   Section       36  aeabi_sdiv.o(.text_udiv)
    PORT_ASM                                 0x000040f4   Section      396  portasm.o(PORT_ASM)
    i.__ARM_common_call_via_r1               0x00004280   Section        0  __printf.o(i.__ARM_common_call_via_r1)
    i.__ARM_common_call_via_r2               0x00004282   Section        0  __printf.o(i.__ARM_common_call_via_r2)
    locale$$code                             0x00004288   Section       80  lc_ctype_c.o(locale$$code)
    locale$$data                             0x000042f8   Section      272  lc_ctype_c.o(locale$$data)
    __lcctype_c_name                         0x000042fc   Data           2  lc_ctype_c.o(locale$$data)
    __lcctype_c_start                        0x00004304   Data           0  lc_ctype_c.o(locale$$data)
    __lcctype_c_end                          0x00004408   Data           0  lc_ctype_c.o(locale$$data)
    .data                                    0x40000000   Section        8  main.o(.data)
    .data                                    0x40000008   Section       24  heap_2.o(.data)
    xFreeBytesRemaining                      0x40000008   Data           4  heap_2.o(.data)
    xHeapHasBeenInitialised                  0x4000000c   Data           4  heap_2.o(.data)
    xStart                                   0x40000010   Data           8  heap_2.o(.data)
    xEnd                                     0x40000018   Data           8  heap_2.o(.data)
    .data                                    0x40000020   Section       60  tasks.o(.data)
    uxDeletedTasksWaitingCleanUp             0x40000024   Data           4  tasks.o(.data)
    uxCurrentNumberOfTasks                   0x40000028   Data           4  tasks.o(.data)
    xTickCount                               0x4000002c   Data           4  tasks.o(.data)
    uxTopReadyPriority                       0x40000030   Data           4  tasks.o(.data)
    xSchedulerRunning                        0x40000034   Data           4  tasks.o(.data)
    uxPendedTicks                            0x40000038   Data           4  tasks.o(.data)
    xYieldPending                            0x4000003c   Data           4  tasks.o(.data)
    xNumOfOverflows                          0x40000040   Data           4  tasks.o(.data)
    uxTaskNumber                             0x40000044   Data           4  tasks.o(.data)
    xNextTaskUnblockTime                     0x40000048   Data           4  tasks.o(.data)
    xIdleTaskHandle                          0x4000004c   Data           4  tasks.o(.data)
    uxSchedulerSuspended                     0x40000050   Data           4  tasks.o(.data)
    pxDelayedTaskList                        0x40000054   Data           4  tasks.o(.data)
    pxOverflowDelayedTaskList                0x40000058   Data           4  tasks.o(.data)
    .data                                    0x4000005c   Section        4  port.o(.data)
    .bss                                     0x40000060   Section    16384  heap_2.o(.bss)
    ucHeap                                   0x40000060   Data       16384  heap_2.o(.bss)
    .bss                                     0x40004060   Section      180  tasks.o(.bss)
    pxReadyTasksLists                        0x40004060   Data          80  tasks.o(.bss)
    xDelayedTaskList1                        0x400040b0   Data          20  tasks.o(.bss)
    xDelayedTaskList2                        0x400040c4   Data          20  tasks.o(.bss)
    xPendingReadyList                        0x400040d8   Data          20  tasks.o(.bss)
    xTasksWaitingTermination                 0x400040ec   Data          20  tasks.o(.bss)
    xSuspendedTaskList                       0x40004100   Data          20  tasks.o(.bss)
    .bss                                     0x40004114   Section       96  libspace.o(.bss)
    HEAP                                     0x40004178   Section        0  startup.o(HEAP)
    STACK                                    0x40004178   Section     1568  startup.o(STACK)
    Heap_Mem                                 0x40004178   Data           0  startup.o(HEAP)
    Stack_Mem                                0x40004178   Data        1568  startup.o(STACK)
    Stack_Top                                0x40004798   Data           0  startup.o(STACK)

    Global Symbols

    Symbol Name                              Value     Ov Type        Size  Object(Section)

    BuildAttributes$$THM_ISAv1$ARM_ISAv4$S$PE$A:L22$X:L11$S22$IEEE1$IW$USESV6$~STKCKD$USESV7$~SHL$OSPACE$ROPI$EBA8$UX$STANDARDLIB$REQ8$PRES8$EABIv2 0x00000000   Number         0  anon$$obj.o ABSOLUTE
    __ARM_use_no_argv                        0x00000000   Number         0  main.o ABSOLUTE
    __ARM_exceptions_init                     - Undefined Weak Reference
    __alloca_initialize                       - Undefined Weak Reference
    __cpp_initialize__aeabi_                  - Undefined Weak Reference
    __cxa_finalize                            - Undefined Weak Reference
    __sigvec_lookup                           - Undefined Weak Reference
    _atexit_init                              - Undefined Weak Reference
    _call_atexit_fns                          - Undefined Weak Reference
    _clock_init                               - Undefined Weak Reference
    _fp_trap_init                             - Undefined Weak Reference
    _fp_trap_shutdown                         - Undefined Weak Reference
    _get_lc_collate                           - Undefined Weak Reference
    _get_lc_monetary                          - Undefined Weak Reference
    _get_lc_numeric                           - Undefined Weak Reference
    _get_lc_time                              - Undefined Weak Reference
    _getenv_init                              - Undefined Weak Reference
    _handle_redirection                       - Undefined Weak Reference
    _init_alloc                               - Undefined Weak Reference
    _init_user_alloc                          - Undefined Weak Reference
    _initio                                   - Undefined Weak Reference
    _printf_post_padding                      - Undefined Weak Reference
    _printf_pre_padding                       - Undefined Weak Reference
    _printf_truncate_signed                   - Undefined Weak Reference
    _printf_truncate_unsigned                 - Undefined Weak Reference
    _rand_init                                - Undefined Weak Reference
    _scanf_longlong                           - Undefined Weak Reference
    _scanf_mbtowc                             - Undefined Weak Reference
    _scanf_real                               - Undefined Weak Reference
    _scanf_string                             - Undefined Weak Reference
    _scanf_wctomb                             - Undefined Weak Reference
    _scanf_wstring                            - Undefined Weak Reference
    _signal_finish                            - Undefined Weak Reference
    _signal_init                              - Undefined Weak Reference
    _terminate_alloc                          - Undefined Weak Reference
    _terminate_user_alloc                     - Undefined Weak Reference
    _terminateio                              - Undefined Weak Reference
    Reset_Handler                            0x00000058   ARM Code       0  startup.o(RESET)
    __main                                   0x00000104   ARM Code       8  __main.o(!!!main)
    __scatterload                            0x0000010c   ARM Code       0  __scatter.o(!!!scatter)
    __scatterload_rt2                        0x0000010c   ARM Code      52  __scatter.o(!!!scatter)
    __scatterload_null                       0x00000120   ARM Code       0  __scatter.o(!!!scatter)
    __scatterload_copy                       0x00000148   ARM Code      40  __scatter_copy.o(!!handler_copy)
    __scatterload_zeroinit                   0x00000170   ARM Code      44  __scatter_zi.o(!!handler_zi)
    Inline Thumb to ARM Veneer to _printf_percent 0x0000019d   Thumb Code     4  _printf_percent.o(.ARM.Collect$$_printf_percent$$00000000)
    _printf_d                                0x000001a0   ARM Code       0  _printf_d.o(.ARM.Collect$$_printf_percent$$00000009)
    _printf_percent                          0x000001a0   ARM Code       0  _printf_percent.o(.ARM.Collect$$_printf_percent$$00000000)
    _printf_percent_end                      0x000001a8   ARM Code       0  _printf_percent_end.o(.ARM.Collect$$_printf_percent$$00000017)
    Inline ARM to Thumb Veneer to __rt_lib_init 0x000001b0   ARM Code       8  libinit.o(.ARM.Collect$$libinit$$00000000)
    __rt_lib_init                            0x000001b9   Thumb Code     0  libinit.o(.ARM.Collect$$libinit$$00000000)
    __rt_lib_init_fp_1                       0x000001bb   Thumb Code     0  libinit2.o(.ARM.Collect$$libinit$$00000002)
    __rt_lib_init_heap_1                     0x000001bb   Thumb Code     0  libinit2.o(.ARM.Collect$$libinit$$00000008)
    __rt_lib_init_lc_common                  0x000001bb   Thumb Code     0  libinit2.o(.ARM.Collect$$libinit$$0000000D)
    __rt_lib_init_rand_1                     0x000001bb   Thumb Code     0  libinit2.o(.ARM.Collect$$libinit$$0000000C)
    __rt_lib_init_user_alloc_1               0x000001bb   Thumb Code     0  libinit2.o(.ARM.Collect$$libinit$$0000000A)
    __rt_lib_init_lc_collate_1               0x000001c1   Thumb Code     0  libinit2.o(.ARM.Collect$$libinit$$0000000F)
    __rt_lib_init_lc_ctype_2                 0x000001c1   Thumb Code     0  libinit2.o(.ARM.Collect$$libinit$$00000010)
    __rt_lib_init_alloca_1                   0x000001cd   Thumb Code     0  libinit2.o(.ARM.Collect$$libinit$$0000002C)
    __rt_lib_init_argv_1                     0x000001cd   Thumb Code     0  libinit2.o(.ARM.Collect$$libinit$$0000002A)
    __rt_lib_init_atexit_1                   0x000001cd   Thumb Code     0  libinit2.o(.ARM.Collect$$libinit$$00000019)
    __rt_lib_init_clock_1                    0x000001cd   Thumb Code     0  libinit2.o(.ARM.Collect$$libinit$$0000001F)
    __rt_lib_init_cpp_1                      0x000001cd   Thumb Code     0  libinit2.o(.ARM.Collect$$libinit$$00000030)
    __rt_lib_init_exceptions_1               0x000001cd   Thumb Code     0  libinit2.o(.ARM.Collect$$libinit$$0000002E)
    __rt_lib_init_fp_trap_1                  0x000001cd   Thumb Code     0  libinit2.o(.ARM.Collect$$libinit$$0000001D)
    __rt_lib_init_getenv_1                   0x000001cd   Thumb Code     0  libinit2.o(.ARM.Collect$$libinit$$00000021)
    __rt_lib_init_lc_ctype_1                 0x000001cd   Thumb Code     0  libinit2.o(.ARM.Collect$$libinit$$00000011)
    __rt_lib_init_lc_monetary_1              0x000001cd   Thumb Code     0  libinit2.o(.ARM.Collect$$libinit$$00000013)
    __rt_lib_init_lc_numeric_1               0x000001cd   Thumb Code     0  libinit2.o(.ARM.Collect$$libinit$$00000015)
    __rt_lib_init_lc_time_1                  0x000001cd   Thumb Code     0  libinit2.o(.ARM.Collect$$libinit$$00000017)
    __rt_lib_init_return                     0x000001cd   Thumb Code     0  libinit2.o(.ARM.Collect$$libinit$$00000031)
    __rt_lib_init_signal_1                   0x000001cd   Thumb Code     0  libinit2.o(.ARM.Collect$$libinit$$0000001B)
    __rt_lib_init_stdio_1                    0x000001cd   Thumb Code     0  libinit2.o(.ARM.Collect$$libinit$$00000023)
    Inline ARM to Thumb Veneer to __rt_lib_shutdown 0x000001d8   ARM Code       8  libshutdown.o(.ARM.Collect$$libshutdown$$00000000)
    __rt_lib_shutdown                        0x000001e1   Thumb Code     0  libshutdown.o(.ARM.Collect$$libshutdown$$00000000)
    __rt_lib_shutdown_fp_trap_1              0x000001e5   Thumb Code     0  libshutdown2.o(.ARM.Collect$$libshutdown$$00000006)
    __rt_lib_shutdown_heap_1                 0x000001e5   Thumb Code     0  libshutdown2.o(.ARM.Collect$$libshutdown$$0000000E)
    __rt_lib_shutdown_return                 0x000001e5   Thumb Code     0  libshutdown2.o(.ARM.Collect$$libshutdown$$0000000F)
    __rt_lib_shutdown_signal_1               0x000001e5   Thumb Code     0  libshutdown2.o(.ARM.Collect$$libshutdown$$00000009)
    __rt_lib_shutdown_stdio_1                0x000001e5   Thumb Code     0  libshutdown2.o(.ARM.Collect$$libshutdown$$00000003)
    __rt_lib_shutdown_user_alloc_1           0x000001e5   Thumb Code     0  libshutdown2.o(.ARM.Collect$$libshutdown$$0000000B)
    __rt_entry                               0x000001ec   ARM Code       0  rtentry.o(.ARM.Collect$$rtentry$$00000000)
    __rt_entry_presh_1                       0x000001ec   ARM Code       0  rtentry2.o(.ARM.Collect$$rtentry$$00000002)
    __rt_entry_sh                            0x000001ec   ARM Code       0  rtentry4.o(.ARM.Collect$$rtentry$$00000004)
    __rt_entry_li                            0x000001f4   ARM Code       0  rtentry2.o(.ARM.Collect$$rtentry$$0000000A)
    __rt_entry_postsh_1                      0x000001f4   ARM Code       0  rtentry2.o(.ARM.Collect$$rtentry$$00000009)
    __rt_entry_main                          0x000001f8   ARM Code       0  rtentry2.o(.ARM.Collect$$rtentry$$0000000D)
    __rt_entry_postli_1                      0x000001f8   ARM Code       0  rtentry2.o(.ARM.Collect$$rtentry$$0000000C)
    Inline Thumb to ARM Veneer to __rt_exit  0x00000221   Thumb Code     4  rtexit.o(.ARM.Collect$$rtexit$$00000000)
    __rt_exit                                0x00000224   ARM Code       0  rtexit.o(.ARM.Collect$$rtexit$$00000000)
    __rt_exit_ls                             0x00000228   ARM Code       0  rtexit2.o(.ARM.Collect$$rtexit$$00000003)
    __rt_exit_prels_1                        0x00000228   ARM Code       0  rtexit2.o(.ARM.Collect$$rtexit$$00000002)
    __rt_exit_exit                           0x0000022c   ARM Code       0  rtexit2.o(.ARM.Collect$$rtexit$$00000004)
    __user_initial_stackheap                 0x00000234   ARM Code       0  startup.o(.text)
    gpioTask                                 0x00000254   ARM Code     164  main.o(.text)
    U0Send                                   0x000002f8   ARM Code      32  main.o(.text)
    U0SendString                             0x00000318   ARM Code      44  main.o(.text)
    U0Receive                                0x00000344   ARM Code      32  main.o(.text)
    U0ReceiveString                          0x00000364   ARM Code      52  main.o(.text)
    uartTask                                 0x00000398   ARM Code     136  main.o(.text)
    ADCRead                                  0x00000420   ARM Code      44  main.o(.text)
    analogTask                               0x0000044c   ARM Code     408  main.o(.text)
    initADC                                  0x000005e4   ARM Code      16  main.o(.text)
    initUART0                                0x000005f4   ARM Code      60  main.o(.text)
    initClocks                               0x00000630   ARM Code      96  main.o(.text)
    main                                     0x00000690   ARM Code     240  main.o(.text)
    initTimer0                               0x00000780   ARM Code      32  main.o(.text)
    delay_ms                                 0x000007a0   ARM Code      64  main.o(.text)
    pvPortMalloc                             0x0000084c   ARM Code     300  heap_2.o(.text)
    vPortFree                                0x00000978   ARM Code     112  heap_2.o(.text)
    xPortGetFreeHeapSize                     0x000009e8   ARM Code      12  heap_2.o(.text)
    vPortInitialiseBlocks                    0x000009f4   ARM Code       4  heap_2.o(.text)
    xTaskCreate                              0x00000c7c   ARM Code     164  tasks.o(.text)
    vTaskDelete                              0x00000d98   ARM Code     232  tasks.o(.text)
    xTaskIncrementTick                       0x00000e80   ARM Code     440  tasks.o(.text)
    xTaskResumeAll                           0x00001038   ARM Code     348  tasks.o(.text)
    vTaskSuspendAll                          0x0000124c   ARM Code      24  tasks.o(.text)
    vTaskDelayUntil                          0x00001264   ARM Code     152  tasks.o(.text)
    vTaskDelay                               0x000012fc   ARM Code      64  tasks.o(.text)
    eTaskGetState                            0x0000133c   ARM Code     172  tasks.o(.text)
    uxTaskPriorityGet                        0x000013e8   ARM Code      60  tasks.o(.text)
    uxTaskPriorityGetFromISR                 0x00001424   ARM Code      44  tasks.o(.text)
    vTaskPrioritySet                         0x00001450   ARM Code     308  tasks.o(.text)
    vTaskSwitchContext                       0x00001584   ARM Code     184  tasks.o(.text)
    vTaskSuspend                             0x0000163c   ARM Code     204  tasks.o(.text)
    vTaskResume                              0x00001784   ARM Code     240  tasks.o(.text)
    xTaskResumeFromISR                       0x00001874   ARM Code     172  tasks.o(.text)
    vTaskStartScheduler                      0x000019e0   ARM Code     116  tasks.o(.text)
    vTaskEndScheduler                        0x00001a54   ARM Code      40  tasks.o(.text)
    xTaskGetTickCount                        0x00001a7c   ARM Code      32  tasks.o(.text)
    xTaskGetTickCountFromISR                 0x00001a9c   ARM Code      16  tasks.o(.text)
    uxTaskGetNumberOfTasks                   0x00001aac   ARM Code      12  tasks.o(.text)
    pcTaskGetName                            0x00001ab8   ARM Code      40  tasks.o(.text)
    vTaskGetTaskInfo                         0x00001b10   ARM Code     220  tasks.o(.text)
    uxTaskGetSystemState                     0x00001ca8   ARM Code     228  tasks.o(.text)
    vTaskPlaceOnEventList                    0x00001d8c   ARM Code      52  tasks.o(.text)
    vTaskPlaceOnUnorderedEventList           0x00001dc0   ARM Code      72  tasks.o(.text)
    xTaskRemoveFromEventList                 0x00001e08   ARM Code     180  tasks.o(.text)
    xTaskRemoveFromUnorderedEventList        0x00001ebc   ARM Code     156  tasks.o(.text)
    vTaskSetTimeOutState                     0x00001f58   ARM Code      28  tasks.o(.text)
    xTaskCheckForTimeOut                     0x00001f74   ARM Code     160  tasks.o(.text)
    vTaskMissedYield                         0x00002014   ARM Code      16  tasks.o(.text)
    uxTaskGetTaskNumber                      0x00002024   ARM Code      32  tasks.o(.text)
    vTaskSetTaskNumber                       0x00002044   ARM Code      20  tasks.o(.text)
    uxTaskGetStackHighWaterMark              0x00002058   ARM Code      64  tasks.o(.text)
    uxTaskResetEventItemValue                0x00002098   ARM Code      44  tasks.o(.text)
    ulTaskNotifyTake                         0x000020c4   ARM Code     180  tasks.o(.text)
    xTaskNotifyWait                          0x00002178   ARM Code     228  tasks.o(.text)
    xTaskGenericNotify                       0x0000225c   ARM Code     300  tasks.o(.text)
    xTaskGenericNotifyFromISR                0x00002388   ARM Code     364  tasks.o(.text)
    vTaskNotifyGiveFromISR                   0x000024f4   ARM Code     212  tasks.o(.text)
    xTaskNotifyStateClear                    0x000025c8   ARM Code      88  tasks.o(.text)
    xQueueGenericReset                       0x00002620   ARM Code     188  queue.o(.text)
    xQueueGenericCreate                      0x00002728   ARM Code      96  queue.o(.text)
    xQueueGenericSend                        0x00002978   ARM Code     380  queue.o(.text)
    xQueueGenericSendFromISR                 0x00002b30   ARM Code     188  queue.o(.text)
    xQueueGiveFromISR                        0x00002bec   ARM Code     164  queue.o(.text)
    xQueueGenericReceive                     0x00002d1c   ARM Code     440  queue.o(.text)
    xQueueReceiveFromISR                     0x00002ed4   ARM Code     176  queue.o(.text)
    xQueuePeekFromISR                        0x00002f84   ARM Code      76  queue.o(.text)
    uxQueueMessagesWaiting                   0x00002fd0   ARM Code      32  queue.o(.text)
    uxQueueSpacesAvailable                   0x00002ff0   ARM Code      44  queue.o(.text)
    uxQueueMessagesWaitingFromISR            0x0000301c   ARM Code      12  queue.o(.text)
    vQueueDelete                             0x00003028   ARM Code      28  queue.o(.text)
    uxQueueGetQueueNumber                    0x00003044   ARM Code      12  queue.o(.text)
    vQueueSetQueueNumber                     0x00003050   ARM Code       8  queue.o(.text)
    ucQueueGetQueueType                      0x00003058   ARM Code      12  queue.o(.text)
    xQueueIsQueueEmptyFromISR                0x00003064   ARM Code      32  queue.o(.text)
    xQueueIsQueueFullFromISR                 0x00003084   ARM Code      36  queue.o(.text)
    vListInitialise                          0x000030a8   ARM Code      44  list.o(.text)
    vListInitialiseItem                      0x000030d4   ARM Code      12  list.o(.text)
    vListInsertEnd                           0x000030e0   ARM Code      48  list.o(.text)
    vListInsert                              0x00003110   ARM Code      96  list.o(.text)
    uxListRemove                             0x00003170   ARM Code      76  list.o(.text)
    pxPortInitialiseStack                    0x000031bc   ARM Code     236  port.o(.text)
    xPortStartScheduler                      0x0000330c   ARM Code      24  port.o(.text)
    vPortEndScheduler                        0x00003324   ARM Code       4  port.o(.text)
    vPortEnterCritical                       0x00003328   ARM Code      36  port.o(.text)
    vPortExitCritical                        0x0000334c   ARM Code      68  port.o(.text)
    Inline ARM to Thumb Veneer to __2sprintf 0x000033b4   ARM Code       8  noretval__2sprintf.o(.text)
    __2sprintf                               0x000033bd   Thumb Code    36  noretval__2sprintf.o(.text)
    __printf                                 0x000033e5   Thumb Code   118  __printf.o(.text)
    Inline ARM to Thumb Veneer to _printf_int_dec 0x0000345c   ARM Code       8  _printf_dec.o(.text)
    _printf_int_dec                          0x00003465   Thumb Code    94  _printf_dec.o(.text)
    Inline ARM to Thumb Veneer to __0sscanf  0x000034d4   ARM Code       8  __0sscanf.o(.text)
    __0sscanf                                0x000034dd   Thumb Code    54  __0sscanf.o(.text)
    _scanf_int                               0x0000351d   Thumb Code   348  _scanf_int.o(.text)
    __aeabi_memcpy                           0x00003678   ARM Code       0  rt_memcpy.o(.text)
    __rt_memcpy                              0x00003678   ARM Code     212  rt_memcpy.o(.text)
    _memcpy_lastbytes                        0x0000372c   ARM Code       0  rt_memcpy.o(.text)
    __aeabi_memset                           0x0000374c   ARM Code      16  aeabi_memset.o(.text)
    __aeabi_idiv                             0x0000375c   ARM Code       0  aeabi_sdiv.o(.text)
    __aeabi_idivmod                          0x0000375c   ARM Code     384  aeabi_sdiv.o(.text)
    __use_two_region_memory                  0x000038dd   Thumb Code     2  heapauxi.o(.text)
    __rt_heap_escrow$2region                 0x000038df   Thumb Code     2  heapauxi.o(.text)
    __rt_heap_expand$2region                 0x000038e1   Thumb Code     2  heapauxi.o(.text)
    _printf_int_common                       0x000038e3   Thumb Code   186  _printf_intcommon.o(.text)
    _printf_char_common                      0x000039a7   Thumb Code    34  _printf_char_common.o(.text)
    _sputc                                   0x000039cd   Thumb Code    10  _sputc.o(.text)
    _chval                                   0x000039d7   Thumb Code    30  _chval.o(.text)
    __vfscanf_char                           0x00003a01   Thumb Code    32  scanf_char.o(.text)
    _sgetc                                   0x00003a29   Thumb Code    32  _sgetc.o(.text)
    _sbackspace                              0x00003a49   Thumb Code    36  _sgetc.o(.text)
    __aeabi_memcpy4                          0x00003a6c   ARM Code       0  rt_memcpy_w.o(.text)
    __aeabi_memcpy8                          0x00003a6c   ARM Code       0  rt_memcpy_w.o(.text)
    __rt_memcpy_w                            0x00003a6c   ARM Code     100  rt_memcpy_w.o(.text)
    _memcpy_lastbytes_aligned                0x00003ab8   ARM Code       0  rt_memcpy_w.o(.text)
    __aeabi_memclr                           0x00003ad0   ARM Code       0  rt_memclr.o(.text)
    __rt_memclr                              0x00003ad0   ARM Code      64  rt_memclr.o(.text)
    _memset                                  0x00003ad4   ARM Code       0  rt_memclr.o(.text)
    Inline Thumb to ARM Veneer to __rt_udiv10 0x00003b11   Thumb Code     4  rtudiv10.o(.text)
    __rt_udiv10                              0x00003b14   ARM Code      44  rtudiv10.o(.text)
    isspace                                  0x00003b41   Thumb Code    22  isspace.o(.text)
    __vfscanf                                0x00003b59   Thumb Code   956  _scanf.o(.text)
    __aeabi_memclr4                          0x00003f20   ARM Code       0  rt_memclr_w.o(.text)
    __aeabi_memclr8                          0x00003f20   ARM Code       0  rt_memclr_w.o(.text)
    __rt_memclr_w                            0x00003f20   ARM Code      84  rt_memclr_w.o(.text)
    _memset_w                                0x00003f24   ARM Code       0  rt_memclr_w.o(.text)
    __user_setup_stackheap                   0x00003f74   ARM Code      96  sys_stackheap_outer.o(.text)
    Inline Thumb to ARM Veneer to __rt_ctype_table 0x00003fd5   Thumb Code     4  rt_ctype_table.o(.text)
    __rt_ctype_table                         0x00003fd8   ARM Code      24  rt_ctype_table.o(.text)
    exit                                     0x00003ff1   Thumb Code    12  exit.o(.text)
    __user_libspace                          0x00003ffc   ARM Code      12  libspace.o(.text)
    __user_perproc_libspace                  0x00003ffc   ARM Code       0  libspace.o(.text)
    __user_perthread_libspace                0x00003ffc   ARM Code       0  libspace.o(.text)
    Inline Thumb to ARM Veneer to __rt_locale 0x00004009   Thumb Code     4  rt_locale_intlibspace.o(.text)
    __rt_locale                              0x0000400c   ARM Code      12  rt_locale_intlibspace.o(.text)
    Inline ARM to Thumb Veneer to _sys_exit  0x00004018   ARM Code       8  sys_exit.o(.text)
    _sys_exit                                0x00004021   Thumb Code     8  sys_exit.o(.text)
    strcmp                                   0x0000402c   ARM Code     156  strcmp.o(.text)
    __I$use$semihosting                      0x000040cc   ARM Code       0  use_no_semi.o(.text)
    __use_no_semihosting_swi                 0x000040cc   ARM Code       4  use_no_semi.o(.text)
    __aeabi_uidiv                            0x000040d0   ARM Code       0  aeabi_sdiv.o(.text_udiv)
    __aeabi_uidivmod                         0x000040d0   ARM Code      36  aeabi_sdiv.o(.text_udiv)
    __semihosting_library_function           0x000040d0   ARM Code       0  indicate_semi.o(.text)
    vPortStartFirstTask                      0x000040f4   ARM Code       0  portasm.o(PORT_ASM)
    vPortYield                               0x00004124   ARM Code       0  portasm.o(PORT_ASM)
    vPortYieldProcessor                      0x0000412c   ARM Code       0  portasm.o(PORT_ASM)
    vPreemptiveTick                          0x000041b8   ARM Code       0  portasm.o(PORT_ASM)
    __ARM_common_call_via_r1                 0x00004281   Thumb Code     2  __printf.o(i.__ARM_common_call_via_r1)
    __ARM_common_call_via_r2                 0x00004283   Thumb Code     2  __printf.o(i.__ARM_common_call_via_r2)
    Inline Thumb to ARM Veneer to _get_lc_ctype 0x00004285   Thumb Code     4  lc_ctype_c.o(locale$$code)
    _get_lc_ctype                            0x00004288   ARM Code      80  lc_ctype_c.o(locale$$code)
    Region$$Table$$Base                      0x000042d8   Number         0  anon$$obj.o(Region$$Table)
    Region$$Table$$Limit                     0x000042f8   Number         0  anon$$obj.o(Region$$Table)
    __ctype                                  0x00004305   Data           0  lc_ctype_c.o(locale$$data)
    analogUartQueue                          0x40000000   Data           4  main.o(.data)
    analogGpioQueue                          0x40000004   Data           4  main.o(.data)
    pxCurrentTCB                             0x40000020   Data           4  tasks.o(.data)
    ulCriticalNesting                        0x4000005c   Data           4  port.o(.data)
    __libspace_start                         0x40004114   Data          96  libspace.o(.bss)
    __temporary_stack_top$libspace           0x40004174   Data           0  libspace.o(.bss)



==============================================================================

Memory Map of the image

  Image Entry point : 0x00000104

  Load Region LR_IROM1 (Base: 0x00000000, Size: 0x00004468, Max: 0x00080000, ABSOLUTE)

    Execution Region ER_IROM1 (Base: 0x00000000, Size: 0x00004408, Max: 0x00080000, ABSOLUTE)

    Base Addr    Size         Type   Attr      Idx    E Section Name        Object

    0x00000000   0x00000104   Code   RO            3    RESET               startup.o
    0x00000104   0x00000008   Code   RO          223  * !!!main             c_t.l(__main.o)
    0x0000010c   0x0000003c   Code   RO          430    !!!scatter          c_t.l(__scatter.o)
    0x00000148   0x00000028   Code   RO          432    !!handler_copy      c_t.l(__scatter_copy.o)
    0x00000170   0x0000002c   Code   RO          434    !!handler_zi        c_t.l(__scatter_zi.o)
    0x0000019c   0x00000004   Ven    RO          196    .ARM.Collect$$_printf_percent$$00000000  c_t.l(_printf_percent.o)
    0x000001a0   0x00000000   Code   RO          196    .ARM.Collect$$_printf_percent$$00000000  c_t.l(_printf_percent.o)
    0x000001a0   0x00000008   Code   RO          195    .ARM.Collect$$_printf_percent$$00000009  c_t.l(_printf_d.o)
    0x000001a8   0x00000008   Code   RO          236    .ARM.Collect$$_printf_percent$$00000017  c_t.l(_printf_percent_end.o)
    0x000001b0   0x00000008   Ven    RO          293    .ARM.Collect$$libinit$$00000000  c_t.l(libinit.o)
    0x000001b8   0x00000002   Code   RO          293    .ARM.Collect$$libinit$$00000000  c_t.l(libinit.o)
    0x000001ba   0x00000000   Code   RO          314    .ARM.Collect$$libinit$$00000002  c_t.l(libinit2.o)
    0x000001ba   0x00000000   Code   RO          317    .ARM.Collect$$libinit$$00000008  c_t.l(libinit2.o)
    0x000001ba   0x00000000   Code   RO          319    .ARM.Collect$$libinit$$0000000A  c_t.l(libinit2.o)
    0x000001ba   0x00000000   Code   RO          321    .ARM.Collect$$libinit$$0000000C  c_t.l(libinit2.o)
    0x000001ba   0x00000006   Code   RO          322    .ARM.Collect$$libinit$$0000000D  c_t.l(libinit2.o)
    0x000001c0   0x00000000   Code   RO          324    .ARM.Collect$$libinit$$0000000F  c_t.l(libinit2.o)
    0x000001c0   0x0000000c   Code   RO          325    .ARM.Collect$$libinit$$00000010  c_t.l(libinit2.o)
    0x000001cc   0x00000000   Code   RO          326    .ARM.Collect$$libinit$$00000011  c_t.l(libinit2.o)
    0x000001cc   0x00000000   Code   RO          328    .ARM.Collect$$libinit$$00000013  c_t.l(libinit2.o)
    0x000001cc   0x00000000   Code   RO          330    .ARM.Collect$$libinit$$00000015  c_t.l(libinit2.o)
    0x000001cc   0x00000000   Code   RO          332    .ARM.Collect$$libinit$$00000017  c_t.l(libinit2.o)
    0x000001cc   0x00000000   Code   RO          334    .ARM.Collect$$libinit$$00000019  c_t.l(libinit2.o)
    0x000001cc   0x00000000   Code   RO          336    .ARM.Collect$$libinit$$0000001B  c_t.l(libinit2.o)
    0x000001cc   0x00000000   Code   RO          338    .ARM.Collect$$libinit$$0000001D  c_t.l(libinit2.o)
    0x000001cc   0x00000000   Code   RO          340    .ARM.Collect$$libinit$$0000001F  c_t.l(libinit2.o)
    0x000001cc   0x00000000   Code   RO          342    .ARM.Collect$$libinit$$00000021  c_t.l(libinit2.o)
    0x000001cc   0x00000000   Code   RO          344    .ARM.Collect$$libinit$$00000023  c_t.l(libinit2.o)
    0x000001cc   0x00000000   Code   RO          348    .ARM.Collect$$libinit$$0000002A  c_t.l(libinit2.o)
    0x000001cc   0x00000000   Code   RO          350    .ARM.Collect$$libinit$$0000002C  c_t.l(libinit2.o)
    0x000001cc   0x00000000   Code   RO          352    .ARM.Collect$$libinit$$0000002E  c_t.l(libinit2.o)
    0x000001cc   0x00000000   Code   RO          354    .ARM.Collect$$libinit$$00000030  c_t.l(libinit2.o)
    0x000001cc   0x0000000c   Code   RO          355    .ARM.Collect$$libinit$$00000031  c_t.l(libinit2.o)
    0x000001d8   0x00000008   Ven    RO          388    .ARM.Collect$$libshutdown$$00000000  c_t.l(libshutdown.o)
    0x000001e0   0x00000004   Code   RO          388    .ARM.Collect$$libshutdown$$00000000  c_t.l(libshutdown.o)
    0x000001e4   0x00000000   Code   RO          415    .ARM.Collect$$libshutdown$$00000003  c_t.l(libshutdown2.o)
    0x000001e4   0x00000000   Code   RO          418    .ARM.Collect$$libshutdown$$00000006  c_t.l(libshutdown2.o)
    0x000001e4   0x00000000   Code   RO          421    .ARM.Collect$$libshutdown$$00000009  c_t.l(libshutdown2.o)
    0x000001e4   0x00000000   Code   RO          423    .ARM.Collect$$libshutdown$$0000000B  c_t.l(libshutdown2.o)
    0x000001e4   0x00000000   Code   RO          426    .ARM.Collect$$libshutdown$$0000000E  c_t.l(libshutdown2.o)
    0x000001e4   0x00000006   Code   RO          427    .ARM.Collect$$libshutdown$$0000000F  c_t.l(libshutdown2.o)
    0x000001ea   0x00000002   PAD
    0x000001ec   0x00000000   Code   RO          225    .ARM.Collect$$rtentry$$00000000  c_t.l(rtentry.o)
    0x000001ec   0x00000000   Code   RO          250    .ARM.Collect$$rtentry$$00000002  c_t.l(rtentry2.o)
    0x000001ec   0x00000008   Code   RO          262    .ARM.Collect$$rtentry$$00000004  c_t.l(rtentry4.o)
    0x000001f4   0x00000000   Code   RO          252    .ARM.Collect$$rtentry$$00000009  c_t.l(rtentry2.o)
    0x000001f4   0x00000004   Code   RO          253    .ARM.Collect$$rtentry$$0000000A  c_t.l(rtentry2.o)
    0x000001f8   0x00000000   Code   RO          255    .ARM.Collect$$rtentry$$0000000C  c_t.l(rtentry2.o)
    0x000001f8   0x00000028   Code   RO          256    .ARM.Collect$$rtentry$$0000000D  c_t.l(rtentry2.o)
    0x00000220   0x00000004   Ven    RO          297    .ARM.Collect$$rtexit$$00000000  c_t.l(rtexit.o)
    0x00000224   0x00000004   Code   RO          297    .ARM.Collect$$rtexit$$00000000  c_t.l(rtexit.o)
    0x00000228   0x00000000   Code   RO          359    .ARM.Collect$$rtexit$$00000002  c_t.l(rtexit2.o)
    0x00000228   0x00000004   Code   RO          360    .ARM.Collect$$rtexit$$00000003  c_t.l(rtexit2.o)
    0x0000022c   0x00000008   Code   RO          361    .ARM.Collect$$rtexit$$00000004  c_t.l(rtexit2.o)
    0x00000234   0x00000020   Code   RO            4    .text               startup.o
    0x00000254   0x000005b0   Code   RO           11    .text               main.o
    0x00000804   0x0000020c   Code   RO           70    .text               heap_2.o
    0x00000a10   0x00001c10   Code   RO           94    .text               tasks.o
    0x00002620   0x00000a88   Code   RO          119    .text               queue.o
    0x000030a8   0x00000114   Code   RO          131    .text               list.o
    0x000031bc   0x000001f8   Code   RO          143    .text               port.o
    0x000033b4   0x00000008   Ven    RO          165    .text               c_t.l(noretval__2sprintf.o)
    0x000033bc   0x00000028   Code   RO          165    .text               c_t.l(noretval__2sprintf.o)
    0x000033e4   0x00000076   Code   RO          167    .text               c_t.l(__printf.o)
    0x0000345a   0x00000002   PAD
    0x0000345c   0x00000008   Ven    RO          173    .text               c_t.l(_printf_dec.o)
    0x00003464   0x00000070   Code   RO          173    .text               c_t.l(_printf_dec.o)
    0x000034d4   0x00000008   Ven    RO          197    .text               c_t.l(__0sscanf.o)
    0x000034dc   0x00000040   Code   RO          197    .text               c_t.l(__0sscanf.o)
    0x0000351c   0x0000015c   Code   RO          199    .text               c_t.l(_scanf_int.o)
    0x00003678   0x000000d4   Code   RO          201    .text               c_t.l(rt_memcpy.o)
    0x0000374c   0x00000010   Code   RO          203    .text               c_t.l(aeabi_memset.o)
    0x0000375c   0x00000180   Code   RO          205    .text               c_t.l(aeabi_sdiv.o)
    0x000038dc   0x00000006   Code   RO          221    .text               c_t.l(heapauxi.o)
    0x000038e2   0x000000ba   Code   RO          230    .text               c_t.l(_printf_intcommon.o)
    0x0000399c   0x00000030   Code   RO          232    .text               c_t.l(_printf_char_common.o)
    0x000039cc   0x0000000a   Code   RO          234    .text               c_t.l(_sputc.o)
    0x000039d6   0x0000001e   Code   RO          237    .text               c_t.l(_chval.o)
    0x000039f4   0x00000034   Code   RO          239    .text               c_t.l(scanf_char.o)
    0x00003a28   0x00000044   Code   RO          241    .text               c_t.l(_sgetc.o)
    0x00003a6c   0x00000064   Code   RO          243    .text               c_t.l(rt_memcpy_w.o)
    0x00003ad0   0x00000040   Code   RO          245    .text               c_t.l(rt_memclr.o)
    0x00003b10   0x00000004   Ven    RO          247    .text               c_t.l(rtudiv10.o)
    0x00003b14   0x0000002c   Code   RO          247    .text               c_t.l(rtudiv10.o)
    0x00003b40   0x00000016   Code   RO          266    .text               c_t.l(isspace.o)
    0x00003b56   0x00000002   PAD
    0x00003b58   0x000003c8   Code   RO          274    .text               c_t.l(_scanf.o)
    0x00003f20   0x00000054   Code   RO          276    .text               c_t.l(rt_memclr_w.o)
    0x00003f74   0x00000060   Code   RO          278    .text               c_t.l(sys_stackheap_outer.o)
    0x00003fd4   0x00000004   Ven    RO          280    .text               c_t.l(rt_ctype_table.o)
    0x00003fd8   0x00000018   Code   RO          280    .text               c_t.l(rt_ctype_table.o)
    0x00003ff0   0x0000000c   Code   RO          282    .text               c_t.l(exit.o)
    0x00003ffc   0x0000000c   Code   RO          294    .text               c_t.l(libspace.o)
    0x00004008   0x00000004   Ven    RO          304    .text               c_t.l(rt_locale_intlibspace.o)
    0x0000400c   0x0000000c   Code   RO          304    .text               c_t.l(rt_locale_intlibspace.o)
    0x00004018   0x00000008   Ven    RO          356    .text               c_t.l(sys_exit.o)
    0x00004020   0x0000000c   Code   RO          356    .text               c_t.l(sys_exit.o)
    0x0000402c   0x000000a0   Code   RO          369    .text               c_t.l(strcmp.o)
    0x000040cc   0x00000004   Code   RO          377    .text               c_t.l(use_no_semi.o)
    0x000040d0   0x00000000   Code   RO          379    .text               c_t.l(indicate_semi.o)
    0x000040d0   0x00000024   Code   RO          206    .text_udiv          c_t.l(aeabi_sdiv.o)
    0x000040f4   0x0000018c   Code   RO          158    PORT_ASM            portasm.o
    0x00004280   0x00000002   Code   RO          171    i.__ARM_common_call_via_r1  c_t.l(__printf.o)
    0x00004282   0x00000002   Code   RO          169    i.__ARM_common_call_via_r2  c_t.l(__printf.o)
    0x00004284   0x00000004   Ven    RO          307    locale$$code        c_t.l(lc_ctype_c.o)
    0x00004288   0x00000050   Code   RO          307    locale$$code        c_t.l(lc_ctype_c.o)
    0x000042d8   0x00000020   Data   RO          428    Region$$Table       anon$$obj.o
    0x000042f8   0x00000110   Data   RO          306    locale$$data        c_t.l(lc_ctype_c.o)


    Execution Region RW_IRAM1 (Base: 0x40000000, Size: 0x00004798, Max: 0x00008000, ABSOLUTE)

    Base Addr    Size         Type   Attr      Idx    E Section Name        Object

    0x40000000   0x00000008   Data   RW           12    .data               main.o
    0x40000008   0x00000018   Data   RW           72    .data               heap_2.o
    0x40000020   0x0000003c   Data   RW           96    .data               tasks.o
    0x4000005c   0x00000004   Data   RW          144    .data               port.o
    0x40000060   0x00004000   Zero   RW           71    .bss                heap_2.o
    0x40004060   0x000000b4   Zero   RW           95    .bss                tasks.o
    0x40004114   0x00000060   Zero   RW          295    .bss                c_t.l(libspace.o)
    0x40004174   0x00000004   PAD
    0x40004178   0x00000000   Zero   RW            2    HEAP                startup.o
    0x40004178   0x00000620   Zero   RW            1    STACK               startup.o


==============================================================================

Image component sizes


      Code (inc. data)   RO Data    RW Data    ZI Data      Debug   Object Name

       524         24          0         24      16384       4364   heap_2.o
       276          0          0          0          0       1746   list.o
      1456        108          0          8          0      18485   main.o
       504         36          0          4          0       2747   port.o
       396         24          0          0          0        356   portasm.o
      2696          0          0          0          0      10173   queue.o
       292         60          0          0       1568        468   startup.o
      7184         96          0         60        180      20146   tasks.o

    ----------------------------------------------------------------------
     13328        348         32         96      18132      58485   Object Totals
         0          0         32          0          0          0   (incl. Generated)
         0          0          0          0          0          0   (incl. Padding)

    ----------------------------------------------------------------------

      Code (inc. data)   RO Data    RW Data    ZI Data      Debug   Library Member Name

        72         10          0          0          0         84   __0sscanf.o
         8          0          0          0          0         68   __main.o
       122          0          0          0          0        208   __printf.o
        60          8          0          0          0          0   __scatter.o
        40          0          0          0          0          0   __scatter_copy.o
        44          0          0          0          0          0   __scatter_zi.o
        30          0          0          0          0         60   _chval.o
        48          4          0          0          0         96   _printf_char_common.o
         8          0          0          0          0          0   _printf_d.o
       120         18          0          0          0         88   _printf_dec.o
       186          0          0          0          0         96   _printf_intcommon.o
         4          0          0          0          0          0   _printf_percent.o
         8          0          0          0          0          0   _printf_percent_end.o
       968         12          0          0          0        100   _scanf.o
       348          0          0          0          0         96   _scanf_int.o
        68          0          0          0          0         76   _sgetc.o
        10          0          0          0          0         60   _sputc.o
        16          0          0          0          0         68   aeabi_memset.o
       420          0          0          0          0        148   aeabi_sdiv.o
        12          0          0          0          0         64   exit.o
         6          0          0          0          0        136   heapauxi.o
         0          0          0          0          0          0   indicate_semi.o
        22          0          0          0          0         80   isspace.o
        84          8        272          0          0         92   lc_ctype_c.o
        10          0          0          0          0          0   libinit.o
        30          0          0          0          0          0   libinit2.o
        12          0          0          0          0          0   libshutdown.o
         6          0          0          0          0          0   libshutdown2.o
        12          4          0          0         96         68   libspace.o
        48          4          0          0          0         84   noretval__2sprintf.o
        28          4          0          0          0         84   rt_ctype_table.o
        16          4          0          0          0         68   rt_locale_intlibspace.o
        64          0          0          0          0         68   rt_memclr.o
        84          0          0          0          0         80   rt_memclr_w.o
       212          0          0          0          0         68   rt_memcpy.o
       100          0          0          0          0         80   rt_memcpy_w.o
         0          0          0          0          0          0   rtentry.o
        44          4          0          0          0          0   rtentry2.o
         8          0          0          0          0          0   rtentry4.o
         8          0          0          0          0          0   rtexit.o
        12          0          0          0          0          0   rtexit2.o
        48          0          0          0          0         68   rtudiv10.o
        52          8          0          0          0         96   scanf_char.o
       160          4          0          0          0         80   strcmp.o
        20          4          0          0          0         60   sys_exit.o
        96          0          0          0          0         80   sys_stackheap_outer.o
         4          0          0          0          0         68   use_no_semi.o

    ----------------------------------------------------------------------
      3784         96        272          0        100       2672   Library Totals
         6          0          0          0          4          0   (incl. Padding)

    ----------------------------------------------------------------------

      Code (inc. data)   RO Data    RW Data    ZI Data      Debug   Library Name

      3778         96        272          0         96       2672   c_t.l

    ----------------------------------------------------------------------
      3784         96        272          0        100       2672   Library Totals

    ----------------------------------------------------------------------

==============================================================================


      Code (inc. data)   RO Data    RW Data    ZI Data      Debug   

     17112        444        304         96      18232      58901   Grand Totals
     17112        444        304         96      18232      58901   ELF Image Totals
     17112        444        304         96          0          0   ROM Totals

==============================================================================

    Total RO  Size (Code + RO Data)                17416 (  17.01kB)
    Total RW  Size (RW Data + ZI Data)             18328 (  17.90kB)
    Total ROM Size (Code + RO Data + RW Data)      17512 (  17.10kB)

==============================================================================

